  ▲ Next.js 14.2.5
  - Environments: .env.local

   Creating an optimized production build ...
 ✓ Compiled successfully
   Linting and checking validity of types ...
 ⨯ ESLint must be installed in order to run during builds: npm install --save-dev eslint
   Collecting page data ...
   Generating static pages (0/11) ...
   Generating static pages (2/11) 
   Generating static pages (5/11) 
   Generating static pages (8/11) 
 ✓ Generating static pages (11/11)
   Finalizing page optimization ...
   Collecting build traces ...

Route (app)                              Size     First Load JS
┌ ƒ /                                    17.7 kB         178 kB
├ ○ /_not-found                          871 B            88 kB
├ ○ /admin                               10.5 kB         171 kB
├ ƒ /api/admin                           0 B                0 B
├ ○ /api/supabase                        0 B                0 B
├ ○ /api/telegram                        0 B                0 B
├ ○ /dashboard                           144 B          87.3 kB
├ ○ /login                               1.3 kB         88.4 kB
└ ○ /profile                             144 B          87.3 kB
+ First Load JS shared by all            87.1 kB
  ├ chunks/23-d4b5d3f45fc21174.js        31.5 kB
  ├ chunks/fd9d1056-d73a754fcc98cb13.js  53.6 kB
  └ other shared chunks (total)          1.95 kB


ƒ Middleware                             27 kB

○  (Static)   prerendered as static content
ƒ  (Dynamic)  server-rendered on demand

BUILD_PASS  
