
> admas@0.1.0 build
> next build

  ▲ Next.js 14.2.5
  - Environments: .env.local

   Creating an optimized production build ...
 ✓ Compiled successfully
   Linting and checking validity of types ...
 ⨯ ESLint must be installed in order to run during builds: npm install --save-dev eslint
   Collecting page data ...
PageNotFoundError: Cannot find module for page: /api/admin
    at getPagePath (c:\Users\tg computer\admas\node_modules\next\dist\server\require.js:94:15)
    at requirePage (c:\Users\tg computer\admas\node_modules\next\dist\server\require.js:99:22)
    at c:\Users\tg computer\admas\node_modules\next\dist\server\load-components.js:98:84
    at process.processTicksAndRejections (node:internal/process/task_queues:104:5)
    at async loadComponentsImpl (c:\Users\tg computer\admas\node_modules\next\dist\server\load-components.js:98:26)
    at async c:\Users\tg computer\admas\node_modules\next\dist\build\utils.js:1116:32
    at async Span.traceAsyncFn (c:\Users\tg computer\admas\node_modules\next\dist\trace\trace.js:154:20) {
  code: 'ENOENT'
}
PageNotFoundError: Cannot find module for page: /api/supabase
    at getPagePath (c:\Users\tg computer\admas\node_modules\next\dist\server\require.js:94:15)
    at requirePage (c:\Users\tg computer\admas\node_modules\next\dist\server\require.js:99:22)
    at c:\Users\tg computer\admas\node_modules\next\dist\server\load-components.js:98:84
    at process.processTicksAndRejections (node:internal/process/task_queues:104:5)
    at async loadComponentsImpl (c:\Users\tg computer\admas\node_modules\next\dist\server\load-components.js:98:26)
    at async c:\Users\tg computer\admas\node_modules\next\dist\build\utils.js:1116:32
    at async Span.traceAsyncFn (c:\Users\tg computer\admas\node_modules\next\dist\trace\trace.js:154:20) {
  code: 'ENOENT'
}
PageNotFoundError: Cannot find module for page: /api/telegram
    at getPagePath (c:\Users\tg computer\admas\node_modules\next\dist\server\require.js:94:15)
    at requirePage (c:\Users\tg computer\admas\node_modules\next\dist\server\require.js:99:22)
    at c:\Users\tg computer\admas\node_modules\next\dist\server\load-components.js:98:84
    at process.processTicksAndRejections (node:internal/process/task_queues:104:5)
    at async loadComponentsImpl (c:\Users\tg computer\admas\node_modules\next\dist\server\load-components.js:98:26)
    at async c:\Users\tg computer\admas\node_modules\next\dist\build\utils.js:1116:32
    at async Span.traceAsyncFn (c:\Users\tg computer\admas\node_modules\next\dist\trace\trace.js:154:20) {
  code: 'ENOENT'
}
PageNotFoundError: Cannot find module for page: /dashboard
    at getPagePath (c:\Users\tg computer\admas\node_modules\next\dist\server\require.js:94:15)
    at requirePage (c:\Users\tg computer\admas\node_modules\next\dist\server\require.js:99:22)
    at c:\Users\tg computer\admas\node_modules\next\dist\server\load-components.js:98:84
    at process.processTicksAndRejections (node:internal/process/task_queues:104:5)
    at async loadComponentsImpl (c:\Users\tg computer\admas\node_modules\next\dist\server\load-components.js:98:26)
    at async c:\Users\tg computer\admas\node_modules\next\dist\build\utils.js:1116:32
    at async Span.traceAsyncFn (c:\Users\tg computer\admas\node_modules\next\dist\trace\trace.js:154:20) {
  code: 'ENOENT'
}
PageNotFoundError: Cannot find module for page: /login
    at getPagePath (c:\Users\tg computer\admas\node_modules\next\dist\server\require.js:94:15)
    at requirePage (c:\Users\tg computer\admas\node_modules\next\dist\server\require.js:99:22)
    at c:\Users\tg computer\admas\node_modules\next\dist\server\load-components.js:98:84
    at process.processTicksAndRejections (node:internal/process/task_queues:104:5)
    at async loadComponentsImpl (c:\Users\tg computer\admas\node_modules\next\dist\server\load-components.js:98:26)
    at async c:\Users\tg computer\admas\node_modules\next\dist\build\utils.js:1116:32
    at async Span.traceAsyncFn (c:\Users\tg computer\admas\node_modules\next\dist\trace\trace.js:154:20) {
  code: 'ENOENT'
}
PageNotFoundError: Cannot find module for page: /profile
    at getPagePath (c:\Users\tg computer\admas\node_modules\next\dist\server\require.js:94:15)
    at requirePage (c:\Users\tg computer\admas\node_modules\next\dist\server\require.js:99:22)
    at c:\Users\tg computer\admas\node_modules\next\dist\server\load-components.js:98:84
    at process.processTicksAndRejections (node:internal/process/task_queues:104:5)
    at async loadComponentsImpl (c:\Users\tg computer\admas\node_modules\next\dist\server\load-components.js:98:26)
    at async c:\Users\tg computer\admas\node_modules\next\dist\build\utils.js:1116:32
    at async Span.traceAsyncFn (c:\Users\tg computer\admas\node_modules\next\dist\trace\trace.js:154:20) {
  code: 'ENOENT'
}

> Build error occurred
Error: Failed to collect page data for /api/admin
    at c:\Users\tg computer\admas\node_modules\next\dist\build\utils.js:1268:15
    at process.processTicksAndRejections (node:internal/process/task_queues:104:5) {
  type: 'Error'
}
__BUILD_DONE__ 
